// Jest Snapshot v1, https://goo.gl/fbAQLP

exports[`Listing component Listing.vue component snapshot 1`] = `
VueWrapper {
  "_emitted": Object {},
  "_emittedByOrder": Array [],
  "isFunctionalComponent": undefined,
}
`;
